Asset ledger PASS: 28 source files
Godot Engine v4.7.2.stable.official.ed1daf0bf - https://godotengine.org

UNIT checked course catalog, RNG, style, save, daily, nudge cooldown, TILT, Purist
TESTS unit PASS failures=0
Godot Engine v4.7.2.stable.official.ed1daf0bf - https://godotengine.org

UI FLOW PASS errors=0
Godot Engine v4.7.2.stable.official.ed1daf0bf - https://godotengine.org

RUNTIME RETRY PASS 20 full game retries, result={ "outcome": "GOAL", "accuracy": 0.97155068072446, "offset": 0.04345633519339, "stars": 3, "score": 150, "seed": 42, "time": 10.8870833333333, "position": (0.044649, 0.582306, 58.02714), "events": ["AIR", "NICE", "BULLSEYE"] }
Godot Engine v4.7.2.stable.official.ed1daf0bf - https://godotengine.org

EXPERIENCE PASS default=BLOCKED planned=GOAL failures=[]
Godot Engine v4.7.2.stable.official.ed1daf0bf - https://godotengine.org

REPEAT 0 (0.103217, 13.0152, 12.01896)
REPEAT 1 (0.103217, 13.0152, 12.01896)
REPEAT 2 (0.103217, 13.0152, 12.01896)
REPEAT 3 (0.103217, 13.0152, 12.01896)
REPEAT 4 (0.103217, 13.0152, 12.01896)
REPEAT 5 (0.103217, 13.0152, 12.01896)
REPEAT 6 (0.103217, 13.0152, 12.01896)
REPEAT 7 (0.103217, 13.0152, 12.01896)
REPEAT 8 (0.103217, 13.0152, 12.01896)
REPEAT 9 (0.103217, 13.0152, 12.01896)
REPEAT 10 (0.103217, 13.0152, 12.01896)
REPEAT 11 (0.103217, 13.0152, 12.01896)
REPEAT 12 (0.103217, 13.0152, 12.01896)
REPEAT 13 (0.103217, 13.0152, 12.01896)
REPEAT 14 (0.103217, 13.0152, 12.01896)
REPEAT 15 (0.103217, 13.0152, 12.01896)
REPEAT 16 (0.103217, 13.0152, 12.01896)
REPEAT 17 (0.103217, 13.0152, 12.01896)
REPEAT 18 (0.103217, 13.0152, 12.01896)
REPEAT 19 (0.103217, 13.0152, 12.01896)
DETERMINISM_RESULT {"accuracy":0.0,"events":[],"offset":0.103217169642448,"outcome":"BLOCKED","position":"(0.103217, 13.0152, 12.01896)","score":0,"seed":42,"stars":0,"time":5.69166666666674}
TESTS determinism PASS failures=0
Godot Engine v4.7.2.stable.official.ed1daf0bf - https://godotengine.org

REPEAT 0 (0.103217, 13.0152, 12.01896)
REPEAT 1 (0.103217, 13.0152, 12.01896)
REPEAT 2 (0.103217, 13.0152, 12.01896)
REPEAT 3 (0.103217, 13.0152, 12.01896)
REPEAT 4 (0.103217, 13.0152, 12.01896)
REPEAT 5 (0.103217, 13.0152, 12.01896)
REPEAT 6 (0.103217, 13.0152, 12.01896)
REPEAT 7 (0.103217, 13.0152, 12.01896)
REPEAT 8 (0.103217, 13.0152, 12.01896)
REPEAT 9 (0.103217, 13.0152, 12.01896)
REPEAT 10 (0.103217, 13.0152, 12.01896)
REPEAT 11 (0.103217, 13.0152, 12.01896)
REPEAT 12 (0.103217, 13.0152, 12.01896)
REPEAT 13 (0.103217, 13.0152, 12.01896)
REPEAT 14 (0.103217, 13.0152, 12.01896)
REPEAT 15 (0.103217, 13.0152, 12.01896)
REPEAT 16 (0.103217, 13.0152, 12.01896)
REPEAT 17 (0.103217, 13.0152, 12.01896)
REPEAT 18 (0.103217, 13.0152, 12.01896)
REPEAT 19 (0.103217, 13.0152, 12.01896)
DETERMINISM_RESULT {"accuracy":0.0,"events":[],"offset":0.103217169642448,"outcome":"BLOCKED","position":"(0.103217, 13.0152, 12.01896)","score":0,"seed":42,"stars":0,"time":5.69166666666674}
TESTS determinism PASS failures=0
Godot Engine v4.7.2.stable.official.ed1daf0bf - https://godotengine.org

REPEAT 0 (0.103217, 13.0152, 12.01896)
REPEAT 1 (0.103217, 13.0152, 12.01896)
REPEAT 2 (0.103217, 13.0152, 12.01896)
REPEAT 3 (0.103217, 13.0152, 12.01896)
REPEAT 4 (0.103217, 13.0152, 12.01896)
REPEAT 5 (0.103217, 13.0152, 12.01896)
REPEAT 6 (0.103217, 13.0152, 12.01896)
REPEAT 7 (0.103217, 13.0152, 12.01896)
REPEAT 8 (0.103217, 13.0152, 12.01896)
REPEAT 9 (0.103217, 13.0152, 12.01896)
REPEAT 10 (0.103217, 13.0152, 12.01896)
REPEAT 11 (0.103217, 13.0152, 12.01896)
REPEAT 12 (0.103217, 13.0152, 12.01896)
REPEAT 13 (0.103217, 13.0152, 12.01896)
REPEAT 14 (0.103217, 13.0152, 12.01896)
REPEAT 15 (0.103217, 13.0152, 12.01896)
REPEAT 16 (0.103217, 13.0152, 12.01896)
REPEAT 17 (0.103217, 13.0152, 12.01896)
REPEAT 18 (0.103217, 13.0152, 12.01896)
REPEAT 19 (0.103217, 13.0152, 12.01896)
DETERMINISM_RESULT {"accuracy":0.0,"events":[],"offset":0.103217169642448,"outcome":"BLOCKED","position":"(0.103217, 13.0152, 12.01896)","score":0,"seed":42,"stars":0,"time":5.69166666666674}
TESTS determinism PASS failures=0
Cross-process determinism PASS: 3 processes × 20 rolls
Godot Engine v4.7.2.stable.official.ed1daf0bf - https://godotengine.org

TESTS solver PASS failures=0
